Executing action: monitor
Serial port /dev/cu.usbserial-5A6C0397701
Connecting.....
Detecting chip type... Unsupported detection protocol, switching and trying again...
Connecting......
Detecting chip type... ESP32
Running idf_monitor in directory /Users/trevor/dev/microcontrollers/launderer
Executing "/nix/store/832gjh31jhz2hi3n1fwa34xvlvgkx14r-python3-3.13.11-env/bin/python /nix/store/7wxv58nqgjckrbqribx9wvvp1bn9pqbr-esp-idf-v5.5.2/tools/idf_monitor.py -p /dev/cu.usbserial-5A6C0397701 -b 115200 --toolchain-prefix xtensa-esp32-elf- --target esp32 --revision 0 /Users/trevor/dev/microcontrollers/launderer/build/launderer.elf /Users/trevor/dev/microcontrollers/launderer/build/bootloader/bootloader.elf -m '/nix/store/832gjh31jhz2hi3n1fwa34xvlvgkx14r-python3-3.13.11-env/bin/python' '/nix/store/7wxv58nqgjckrbqribx9wvvp1bn9pqbr-esp-idf-v5.5.2/tools/idf.py'"...
ets Jul 29 2019 12:21:46

rst:0x1 (POWERON_RESET),boot:0x13 (SPI_FAST_FLASH_BOOT)
configsip: 271414342, SPIWP:0xee
clk_drv:0x00,q_drv:0x00,d_drv:0x00,cs0_drv:0x00,hd_drv:0x00,wp_drv:0x00
mode:DIO, clock div:2
load:0x3fff0030,len:6384
load:0x40078000,len:15916
load:0x40080400,len:3920
entry 0x40080644
[0;32mI (28) boot: ESP-IDF v5.5.2 2nd stage bootloader[0m
[0;32mI (28) boot: compile time Jan  1 1980 00:00:00[0m
[0;32mI (28) boot: Multicore bootloader[0m
[0;32mI (29) boot: chip revision: v3.1[0m
[0;32mI (32) boot.esp32: SPI Speed      : 40MHz[0m
[0;32mI (36) boot.esp32: SPI Mode       : DIO[0m
[0;32mI (40) boot.esp32: SPI Flash Size : 2MB[0m
[0;32mI (43) boot: Enabling RNG early entropy source...[0m
[0;32mI (48) boot: Partition Table:[0m
[0;32mI (50) boot: ## Label            Usage          Type ST Offset   Length[0m
[0;32mI (57) boot:  0 nvs              WiFi data        01 02 00009000 00006000[0m
[0;32mI (63) boot:  1 phy_init         RF data          01 01 0000f000 00001000[0m
[0;32mI (70) boot:  2 factory          factory app      00 00 00010000 00100000[0m
[0;32mI (76) boot: End of partition table[0m
[0;32mI (79) esp_image: segment 0: paddr=00010020 vaddr=3f400020 size=121b8h ( 74168) map[0m
[0;32mI (112) esp_image: segment 1: paddr=000221e0 vaddr=3ffbdb60 size=0364ch ( 13900) load[0m
[0;32mI (118) esp_image: segment 2: paddr=00025834 vaddr=40080000 size=0a7e4h ( 42980) load[0m
[0;32mI (135) esp_image: segment 3: paddr=00030020 vaddr=400d0020 size=24590h (148880) map[0m
[0;32mI (186) esp_image: segment 4: paddr=000545b8 vaddr=4008a7e4 size=02a98h ( 10904) load[0m
[0;32mI (190) esp_image: segment 5: paddr=00057058 vaddr=50000000 size=00020h (    32) load[0m
[0;32mI (197) boot: Loaded app from partition at offset 0x10000[0m
[0;32mI (197) boot: Disabling RNG early entropy source...[0m
[0;32mI (211) cpu_start: Multicore app[0m
[0;32mI (219) cpu_start: GPIO 3 and 1 are used as console UART I/O pins[0m
[0;32mI (220) cpu_start: Pro cpu start user code[0m
[0;32mI (220) cpu_start: cpu freq: 160000000 Hz[0m
[0;32mI (222) app_init: Application information:[0m
[0;32mI (225) app_init: Project name:     launderer[0m
[0;32mI (229) app_init: App version:      c471b7e-dirty[0m
[0;32mI (234) app_init: Compile time:     Jan  1 1980 00:00:00[0m
[0;32mI (239) app_init: ELF file SHA256:  67e7cc0c6...[0m
[0;32mI (243) app_init: ESP-IDF:          v5.5.2[0m
[0;32mI (247) efuse_init: Min chip rev:     v0.0[0m
[0;32mI (251) efuse_init: Max chip rev:     v3.99 [0m
[0;32mI (255) efuse_init: Chip rev:         v3.1[0m
[0;32mI (259) heap_init: Initializing. RAM available for dynamic allocation:[0m
[0;32mI (265) heap_init: At 3FFAE6E0 len 0000F480 (61 KiB): DRAM[0m
[0;32mI (270) heap_init: At 3FFC1D28 len 0001E2D8 (120 KiB): DRAM[0m
[0;32mI (275) heap_init: At 3FFE0440 len 00003AE0 (14 KiB): D/IRAM[0m
[0;32mI (281) heap_init: At 3FFE4350 len 0001BCB0 (111 KiB): D/IRAM[0m
[0;32mI (286) heap_init: At 4008D27C len 00012D84 (75 KiB): IRAM[0m
[0;32mI (293) spi_flash: detected chip: generic[0m
[0;32mI (295) spi_flash: flash io: dio[0m
[0;33mW (298) spi_flash: Detected size(8192k) larger than the size in the binary image header(2048k). Using the size in the binary image header.[0m
[0;32mI (311) coexist: coex firmware version: 7260f71[0m
[0;32mI (315) main_task: Started on CPU0[0m
[0;32mI (325) main_task: Calling app_main()[0m
[0;32mI (325) i2cdev: [Port 0] First initialization. Configuring bus with SDA=22, SCL=20 (Pullups SCL:0 SDA:0)[0m
[0;33mW (325) i2c.master: Please check pull-up resistances whether be connected properly. Otherwise unexpected behavior would happen. For more detailed information, please read docs[0m
[0;32mI (345) i2cdev: [Port 0] Successfully installed I2C master bus (Handle: 0x3ffb3184).[0m
[0;32mI (345) i2cdev: [0x27 at 0] Device added successfully (Device Handle: 0x3ffb36f0, Speed: 100000 Hz).[0m
raw_press(ADC), avg_press(ADC), zeroed_press(ADC), stones_press(#), time(ms)
2634, 2634, 2634, -1063.296509, -
2631, 2632, 2632, -1063.523560, -
2634, 2633, 2633, -1063.410034, -
2631, 2632, 2632, -1063.523560, -
2633, 2632, 2632, -1063.523560, -
2636, 2633, 2633, -1063.410034, -
2631, 2632, 2632, -1063.523560, -
2631, 2632, 2632, -1063.523560, -
2633, 2632, 2632, -1063.523560, -
2629, 2632, 2632, -1063.523560, -
2631, 2632, 2632, -1063.523560, -
2630, 2632, 2632, -1063.523560, -
2634, 2632, 2632, -1063.523560, -
2631, 2632, 2632, -1063.523560, -
2631, 2632, 2632, -1063.523560, -
2631, 2631, 2631, -1063.637207, -
2634, 2632, 2632, -1063.523560, -
2631, 2632, 2632, -1063.523560, -
2629, 2631, 2631, -1063.637207, -
2631, 2631, 2631, -1063.637207, -
2631, 2631, 2631, -1063.637207, -
2633, 2631, 2631, -1063.637207, -
2631, 2631, 2631, -1063.637207, -
2629, 2631, 2631, -1063.637207, -
2631, 2631, 2631, -1063.637207, -
2632, 2631, 2631, -1063.637207, -
2631, 2631, 2631, -1063.637207, -
2629, 2631, 2631, -1063.637207, -
2630, 2630, 2630, -1063.751099, -
2629, 2630, 2630, -1063.751099, -
2634, 2631, 2631, -1063.637207, -
2636, 2631, 2631, -1063.637207, -
2631, 2631, 2631, -1063.637207, -
2630, 2631, 2631, -1063.637207, -
2631, 2631, 2631, -1063.637207, -
2631, 2631, 2631, -1063.637207, -
2631, 2631, 2631, -1063.637207, -
2634, 2631, 2631, -1063.637207, -
2634, 2631, 2631, -1063.637207, -
2631, 2631, 2631, -1063.637207, -
2630, 2631, 2631, -1063.637207, -
2634, 2631, 2631, -1063.637207, -
2630, 2631, 2631, -1063.637207, -
2634, 2631, 0, 0.000000, -
2627, 2631, 0, 0.000000, -
2631, 2631, 0, 0.000000, -
2630, 2631, 0, 0.000000, -
2629, 2631, 0, 0.000000, -
2635, 2631, 0, 0.000000, -
2634, 2631, 0, 0.000000, -
2631, 2631, 0, 0.000000, -
2631, 2631, 0, 0.000000, -
2630, 2631, 0, 0.000000, -
2630, 2631, 0, 0.000000, -
2637, 2631, 0, 0.000000, -
2633, 2631, 0, 0.000000, -
2630, 2631, 0, 0.000000, -
2629, 2631, 0, 0.000000, -
2631, 2631, 0, 0.000000, -
2635, 2631, 0, 0.000000, -
2634, 2631, 0, 0.000000, -
2630, 2631, 0, 0.000000, -
2628, 2631, 0, 0.000000, -
2629, 2631, 0, 0.000000, -
2631, 2631, 0, 0.000000, -
2633, 2631, 0, 0.000000, -
2633, 2631, 0, 0.000000, -
2631, 2631, 0, 0.000000, -
2629, 2631, 0, 0.000000, -
2635, 2631, 0, 0.000000, -
2629, 2631, 0, 0.000000, -
2630, 2631, 0, 0.000000, -
2630, 2631, 0, 0.000000, -
2630, 2631, 0, 0.000000, -
2630, 2631, 0, 0.000000, -
2633, 2631, 0, 0.000000, -
2631, 2631, 0, 0.000000, -
2634, 2631, 0, 0.000000, -
2635, 2631, 0, 0.000000, -
2626, 2631, 0, 0.000000, -
2630, 2630, -1, 0.000000, -
2629, 2630, -1, 0.000000, -
2630, 2630, -1, 0.000000, -
2631, 2631, 0, 0.000000, -
2633, 2631, 0, 0.000000, -
2629, 2630, -1, 0.000000, -
2636, 2631, 0, 0.000000, -
2631, 2631, 0, 0.000000, -
2632, 2631, 0, 0.000000, -
2632, 2631, 0, 0.000000, -
2634, 2631, 0, 0.000000, -
2634, 2631, 0, 0.000000, -
2639, 2631, 0, 0.000000, -
2639, 2632, 1, -4.912476, -
2640, 2632, 1, -4.912476, -
2640, 2633, 2, -3.485291, -
2640, 2633, 2, -3.485291, -
2642, 2634, 3, -2.053162, -
2647, 2634, 3, -2.053162, -
2644, 2635, 4, -0.616089, -
2651, 2636, 5, 0.825989, -
2650, 2637, 6, 2.273132, -
2655, 2638, 7, 3.725281, -
2653, 2640, 9, 6.644836, -
2651, 2640, 9, 6.644836, -
2653, 2642, 11, 9.584900, -
2657, 2643, 12, 11.062683, -
2653, 2644, 13, 12.545715, -
2655, 2645, 14, 14.033936, -
2660, 2646, 15, 15.527405, -
2657, 2648, 17, 18.530334, -
2658, 2649, 18, 20.039795, -
2659, 2650, 19, 21.554626, -
2658, 2651, 20, 23.074890, -
2655, 2651, 20, 23.074890, -
2659, 2652, 21, 24.600586, -
2663, 2654, 23, 27.668396, -
2665, 2655, 24, 29.210510, -
2659, 2655, 24, 29.210510, -
2660, 2656, 25, 30.758240, -
2659, 2656, 25, 30.758240, -
2666, 2657, 26, 32.311523, -
2662, 2658, 27, 33.870483, -
2665, 2658, 27, 33.870483, -
2666, 2659, 28, 35.435059, -
2665, 2660, 29, 37.005249, -
2667, 2660, 29, 37.005249, -
2665, 2661, 30, 38.581177, -
2665, 2661, 30, 38.581177, -
2666, 2661, 30, 38.581177, -
2670, 2662, 31, 40.162903, -
2669, 2663, 32, 41.750305, -
2667, 2663, 32, 41.750305, -
2663, 2663, 32, 41.750305, -
2666, 2664, 33, 43.343567, -
2666, 2664, 33, 43.343567, -
2669, 2665, 34, 44.942627, -
2669, 2665, 34, 44.942627, -
2671, 2665, 34, 44.942627, -
2662, 2665, 34, 44.942627, -
2666, 2666, 35, 46.547607, -
2670, 2666, 35, 46.547607, -
2670, 2666, 35, 46.547607, -
2665, 2666, 35, 46.547607, -
2669, 2667, 36, 48.158447, -
2672, 2667, 36, 48.158447, -
2670, 2667, 36, 48.158447, -
2672, 2667, 36, 48.158447, -
2669, 2668, 37, 49.775208, -
2672, 2668, 37, 49.775208, -
2679, 2668, 37, 49.775208, -
2672, 2668, 37, 49.775208, -
2677, 2669, 38, 51.397888, -
2675, 2670, 39, 53.026611, -
2670, 2670, 39, 53.026611, -
2676, 2670, 39, 53.026611, -
2672, 2670, 39, 53.026611, -
2673, 2671, 40, 54.661377, -
2672, 2671, 40, 54.661377, -
2677, 2671, 40, 54.661377, -
2673, 2672, 41, 56.302185, -
2671, 2672, 41, 56.302185, -
2679, 2672, 41, 56.302185, -
2678, 2673, 42, 57.949097, -
2675, 2673, 42, 57.949097, -
2673, 2673, 42, 57.949097, -
2681, 2674, 43, 59.602112, -
2677, 2674, 43, 59.602112, -
2677, 2674, 43, 59.602112, -
2675, 2675, 44, 61.261353, -
2673, 2674, 43, 59.602112, -
2672, 2674, 43, 59.602112, -
2674, 2674, 43, 59.602112, -
2672, 2674, 43, 59.602112, -
2675, 2674, 43, 59.602112, -
2674, 2674, 43, 59.602112, -
2678, 2674, 43, 59.602112, -
2671, 2674, 43, 59.602112, -
2670, 2674, 43, 59.602112, -
2672, 2674, 43, 59.602112, -
2672, 2674, 43, 59.602112, -
2666, 2674, 43, 59.602112, -
2670, 2673, 42, 57.949097, -
2661, 2672, 41, 56.302185, -
2655, 2671, 40, 54.661377, -
2651, 2670, 39, 53.026611, -
2653, 2669, 38, 51.397888, -
2646, 2667, 36, 48.158447, -
2645, 2666, 35, 46.547607, -
2642, 2664, 33, 43.343567, -
2650, 2663, 32, 41.750305, -
2641, 2661, 30, 38.581177, -
2642, 2660, 29, 37.005249, -
2643, 2658, 27, 33.870483, -
2641, 2657, 26, 32.311523, -
2642, 2655, 24, 29.210510, -
2641, 2653, 22, 26.131714, -
2642, 2652, 21, 24.600586, -
2640, 2650, 19, 21.554626, -
2640, 2649, 18, 20.039795, -
2640, 2647, 16, 17.026245, -
2640, 2646, 15, 15.527405, -
2640, 2644, 13, 12.545715, -
2637, 2643, 12, 11.062683, -
2640, 2642, 11, 9.584900, -
2640, 2642, 11, 9.584900, -
2640, 2641, 10, 8.112305, -
2640, 2641, 10, 8.112305, -
2640, 2641, 10, 8.112305, -
2640, 2640, 9, 6.644836, -
2639, 2640, 9, 6.644836, -
2639, 2640, 9, 6.644836, -
2640, 2640, 9, 6.644836, -
2640, 2640, 9, 6.644836, -
2641, 2640, 9, 6.644836, -
2640, 2639, 8, 5.182495, -
2640, 2639, 8, 5.182495, -
2640, 2639, 8, 5.182495, -
2638, 2639, 8, 5.182495, -
2640, 2639, 8, 5.182495, -
2639, 2639, 8, 5.182495, -
2640, 2639, 8, 5.182495, -
2640, 2639, 8, 5.182495, -
2640, 2639, 8, 5.182495, -
2640, 2639, 8, 5.182495, -
2640, 2639, 8, 5.182495, -
2640, 2639, 8, 5.182495, -
2640, 2639, 8, 5.182495, -
2640, 2639, 8, 5.182495, -
2638, 2639, 8, 5.182495, -
2640, 2639, 8, 5.182495, -
2635, 2639, 8, 5.182495, -
2635, 2639, 8, 5.182495, -
2635, 2639, 8, 5.182495, -
2637, 2638, 7, 3.725281, -
2636, 2638, 7, 3.725281, -
2638, 2638, 7, 3.725281, -
2631, 2638, 7, 3.725281, -
2633, 2637, 6, 2.273132, -
2624, 2637, 6, 2.273132, -
2629, 2636, 5, 0.825989, -
2631, 2636, 5, 0.825989, -
2633, 2635, 4, -0.616089, -
2627, 2635, 4, -0.616089, -
2631, 2634, 3, -2.053162, -
2627, 2634, 3, -2.053162, -
2626, 2633, 2, -3.485291, -
2634, 2633, 2, -3.485291, -
2631, 2632, 1, -4.912476, -
2626, 2631, 0, 0.000000, -
2634, 2631, 0, 0.000000, -
2637, 2631, 0, 0.000000, -
2631, 2631, 0, 0.000000, -
2631, 2631, 0, 0.000000, -
2634, 2631, 0, 0.000000, -
2630, 2630, -1, 0.000000, -
2631, 2630, -1, 0.000000, -
2633, 2630, -1, 0.000000, -
2631, 2630, -1, 0.000000, -
2631, 2630, -1, 0.000000, -
2634, 2631, 0, 0.000000, -
2635, 2631, 0, 0.000000, -
2638, 2631, 0, 0.000000, -
2631, 2631, 0, 0.000000, -
2634, 2631, 0, 0.000000, -
2634, 2632, 1, -4.912476, -
2630, 2632, 1, -4.912476, -
2631, 2632, 1, -4.912476, -
2630, 2632, 1, -4.912476, -
2634, 2632, 1, -4.912476, -
2636, 2632, 1, -4.912476, -
2627, 2632, 1, -4.912476, -
2635, 2632, 1, -4.912476, -
2629, 2632, 1, -4.912476, -
2631, 2632, 1, -4.912476, -
2629, 2632, 1, -4.912476, -
2634, 2632, 1, -4.912476, -
