Executing action: monitor
Serial port /dev/cu.usbserial-5A6C0397701
Connecting.....
Detecting chip type... Unsupported detection protocol, switching and trying again...
Connecting......
Detecting chip type... ESP32
Running idf_monitor in directory /Users/trevor/dev/microcontrollers/launderer
Executing "/nix/store/832gjh31jhz2hi3n1fwa34xvlvgkx14r-python3-3.13.11-env/bin/python /nix/store/7wxv58nqgjckrbqribx9wvvp1bn9pqbr-esp-idf-v5.5.2/tools/idf_monitor.py -p /dev/cu.usbserial-5A6C0397701 -b 115200 --toolchain-prefix xtensa-esp32-elf- --target esp32 --revision 0 /Users/trevor/dev/microcontrollers/launderer/build/launderer.elf /Users/trevor/dev/microcontrollers/launderer/build/bootloader/bootloader.elf -m '/nix/store/832gjh31jhz2hi3n1fwa34xvlvgkx14r-python3-3.13.11-env/bin/python' '/nix/store/7wxv58nqgjckrbqribx9wvvp1bn9pqbr-esp-idf-v5.5.2/tools/idf.py'"...
ets Jul 29 2019 12:21:46

rst:0x1 (POWERON_RESET),boot:0x13 (SPI_FAST_FLASH_BOOT)
configsip: 271414342, SPIWP:0xee
clk_drv:0x00,q_drv:0x00,d_drv:0x00,cs0_drv:0x00,hd_drv:0x00,wp_drv:0x00
mode:DIO, clock div:2
load:0x3fff0030,len:6384
load:0x40078000,len:15916
load:0x40080400,len:3920
entry 0x40080644
[0;32mI (28) boot: ESP-IDF v5.5.2 2nd stage bootloader[0m
[0;32mI (28) boot: compile time Jan  1 1980 00:00:00[0m
[0;32mI (28) boot: Multicore bootloader[0m
[0;32mI (29) boot: chip revision: v3.1[0m
[0;32mI (32) boot.esp32: SPI Speed      : 40MHz[0m
[0;32mI (36) boot.esp32: SPI Mode       : DIO[0m
[0;32mI (40) boot.esp32: SPI Flash Size : 2MB[0m
[0;32mI (43) boot: Enabling RNG early entropy source...[0m
[0;32mI (48) boot: Partition Table:[0m
[0;32mI (50) boot: ## Label            Usage          Type ST Offset   Length[0m
[0;32mI (57) boot:  0 nvs              WiFi data        01 02 00009000 00006000[0m
[0;32mI (63) boot:  1 phy_init         RF data          01 01 0000f000 00001000[0m
[0;32mI (70) boot:  2 factory          factory app      00 00 00010000 00100000[0m
[0;32mI (76) boot: End of partition table[0m
[0;32mI (79) esp_image: segment 0: paddr=00010020 vaddr=3f400020 size=121b8h ( 74168) map[0m
[0;32mI (112) esp_image: segment 1: paddr=000221e0 vaddr=3ffbdb60 size=0364ch ( 13900) load[0m
[0;32mI (118) esp_image: segment 2: paddr=00025834 vaddr=40080000 size=0a7e4h ( 42980) load[0m
[0;32mI (135) esp_image: segment 3: paddr=00030020 vaddr=400d0020 size=24590h (148880) map[0m
[0;32mI (186) esp_image: segment 4: paddr=000545b8 vaddr=4008a7e4 size=02a98h ( 10904) load[0m
[0;32mI (190) esp_image: segment 5: paddr=00057058 vaddr=50000000 size=00020h (    32) load[0m
[0;32mI (197) boot: Loaded app from partition at offset 0x10000[0m
[0;32mI (197) boot: Disabling RNG early entropy source...[0m
[0;32mI (211) cpu_start: Multicore app[0m
[0;32mI (219) cpu_start: GPIO 3 and 1 are used as console UART I/O pins[0m
[0;32mI (220) cpu_start: Pro cpu start user code[0m
[0;32mI (220) cpu_start: cpu freq: 160000000 Hz[0m
[0;32mI (222) app_init: Application information:[0m
[0;32mI (225) app_init: Project name:     launderer[0m
[0;32mI (229) app_init: App version:      c471b7e-dirty[0m
[0;32mI (234) app_init: Compile time:     Jan  1 1980 00:00:00[0m
[0;32mI (239) app_init: ELF file SHA256:  67e7cc0c6...[0m
[0;32mI (243) app_init: ESP-IDF:          v5.5.2[0m
[0;32mI (247) efuse_init: Min chip rev:     v0.0[0m
[0;32mI (251) efuse_init: Max chip rev:     v3.99 [0m
[0;32mI (255) efuse_init: Chip rev:         v3.1[0m
[0;32mI (259) heap_init: Initializing. RAM available for dynamic allocation:[0m
[0;32mI (265) heap_init: At 3FFAE6E0 len 0000F480 (61 KiB): DRAM[0m
[0;32mI (270) heap_init: At 3FFC1D28 len 0001E2D8 (120 KiB): DRAM[0m
[0;32mI (275) heap_init: At 3FFE0440 len 00003AE0 (14 KiB): D/IRAM[0m
[0;32mI (281) heap_init: At 3FFE4350 len 0001BCB0 (111 KiB): D/IRAM[0m
[0;32mI (286) heap_init: At 4008D27C len 00012D84 (75 KiB): IRAM[0m
[0;32mI (293) spi_flash: detected chip: generic[0m
[0;32mI (295) spi_flash: flash io: dio[0m
[0;33mW (298) spi_flash: Detected size(8192k) larger than the size in the binary image header(2048k). Using the size in the binary image header.[0m
[0;32mI (311) coexist: coex firmware version: 7260f71[0m
[0;32mI (315) main_task: Started on CPU0[0m
[0;32mI (325) main_task: Calling app_main()[0m
[0;32mI (325) i2cdev: [Port 0] First initialization. Configuring bus with SDA=22, SCL=20 (Pullups SCL:0 SDA:0)[0m
[0;33mW (325) i2c.master: Please check pull-up resistances whether be connected properly. Otherwise unexpected behavior would happen. For more detailed information, please read docs[0m
[0;32mI (345) i2cdev: [Port 0] Successfully installed I2C master bus (Handle: 0x3ffb3184).[0m
[0;32mI (345) i2cdev: [0x27 at 0] Device added successfully (Device Handle: 0x3ffb36f0, Speed: 100000 Hz).[0m
raw_press(ADC), avg_press(ADC), zeroed_press(ADC), stones_press(#), time(ms)
2847, 2847, 2847, -1041.410034, -
2846, 2846, 2846, -1041.503174, -
2843, 2845, 2845, -1041.596313, -
2845, 2845, 2845, -1041.596313, -
2844, 2845, 2845, -1041.596313, -
2843, 2844, 2844, -1041.689697, -
2842, 2844, 2844, -1041.689697, -
2845, 2844, 2844, -1041.689697, -
2842, 2844, 2844, -1041.689697, -
2847, 2844, 2844, -1041.689697, -
2843, 2844, 2844, -1041.689697, -
2843, 2844, 2844, -1041.689697, -
2847, 2844, 2844, -1041.689697, -
2847, 2844, 2844, -1041.689697, -
2843, 2844, 2844, -1041.689697, -
2846, 2844, 2844, -1041.689697, -
2841, 2844, 2844, -1041.689697, -
2843, 2844, 2844, -1041.689697, -
2842, 2844, 2844, -1041.689697, -
2848, 2844, 2844, -1041.689697, -
2843, 2844, 2844, -1041.689697, -
2843, 2844, 2844, -1041.689697, -
2844, 2844, 2844, -1041.689697, -
2844, 2844, 2844, -1041.689697, -
2842, 2843, 2843, -1041.783081, -
2843, 2843, 2843, -1041.783081, -
2844, 2844, 2844, -1041.689697, -
2845, 2844, 2844, -1041.689697, -
2845, 2844, 2844, -1041.689697, -
2846, 2844, 2844, -1041.689697, -
2843, 2844, 2844, -1041.689697, -
2844, 2844, 2844, -1041.689697, -
2846, 2844, 2844, -1041.689697, -
2845, 2844, 2844, -1041.689697, -
2842, 2843, 2843, -1041.783081, -
2844, 2843, 2843, -1041.783081, -
2844, 2844, 2844, -1041.689697, -
2843, 2844, 2844, -1041.689697, -
2845, 2844, 2844, -1041.689697, -
2843, 2843, 2843, -1041.783081, -
2847, 2844, 2844, -1041.689697, -
2850, 2844, 2844, -1041.689697, -
2843, 2844, 2844, -1041.689697, -
2846, 2844, 2844, -1041.689697, -
2846, 2844, 2844, -1041.689697, -
2843, 2844, 2844, -1041.689697, -
2843, 2844, 2844, -1041.689697, -
2848, 2844, 2844, -1041.689697, -
2843, 2844, 2844, -1041.689697, -
2845, 2844, 2844, -1041.689697, -
2847, 2844, 2844, -1041.689697, -
2843, 2844, 2844, -1041.689697, -
2847, 2844, 2844, -1041.689697, -
2846, 2844, 2844, -1041.689697, -
2844, 2845, 2845, -1041.596313, -
2847, 2845, 2845, -1041.596313, -
2850, 2845, 2845, -1041.596313, -
2842, 2845, 2845, -1041.596313, -
2847, 2845, 2845, -1041.596313, -
2845, 2845, 2845, -1041.596313, -
2847, 2845, 2845, -1041.596313, -
2847, 2845, 2845, -1041.596313, -
2846, 2845, 2845, -1041.596313, -
2834, 2845, 2845, -1041.596313, -
2839, 2844, 2844, -1041.689697, -
2845, 2844, 2844, -1041.689697, -
2848, 2845, 2845, -1041.596313, -
2852, 2845, 2845, -1041.596313, -
2842, 2845, 2845, -1041.596313, -
2846, 2845, 2845, -1041.596313, -
2850, 2845, 2845, -1041.596313, -
2843, 2845, 2845, -1041.596313, -
2846, 2845, 2845, -1041.596313, -
2839, 2844, 2844, -1041.689697, -
2839, 2844, 2844, -1041.689697, -
2847, 2844, 2844, -1041.689697, -
2857, 2845, 2845, -1041.596313, -
2842, 2845, 2845, -1041.596313, -
2836, 2844, 2844, -1041.689697, -
2858, 2845, 2845, -1041.596313, -
2834, 2844, 2844, -1041.689697, -
2840, 2844, 2844, -1041.689697, -
2846, 2844, 2844, -1041.689697, -
2847, 2844, 2844, -1041.689697, -
2846, 2845, 2845, -1041.596313, -
2849, 2845, 2845, -1041.596313, -
2845, 2845, 2845, -1041.596313, -
2849, 2845, 2845, -1041.596313, -
2845, 2845, 2845, -1041.596313, -
2841, 2844, 2844, -1041.689697, -
2837, 2844, 2844, -1041.689697, -
2839, 2844, 2844, -1041.689697, -
2847, 2844, 2844, -1041.689697, -
2855, 2844, 2844, -1041.689697, -
2851, 2845, 2845, -1041.596313, -
2839, 2845, 2845, -1041.596313, -
2850, 2844, 2844, -1041.689697, -
2854, 2845, 2845, -1041.596313, -
2837, 2845, 2845, -1041.596313, -
2843, 2844, 2844, -1041.689697, -
2845, 2845, 2845, -1041.596313, -
2843, 2845, 2845, -1041.596313, -
2849, 2845, 2845, -1041.596313, -
2844, 2845, 2845, -1041.596313, -
2855, 2845, 2845, -1041.596313, -
2845, 2845, 2845, -1041.596313, -
2843, 2845, 2845, -1041.596313, -
2845, 2845, 2845, -1041.596313, -
2849, 2845, 2845, -1041.596313, -
2846, 2845, 2845, -1041.596313, -
2846, 2846, 2846, -1041.503174, -
2841, 2846, 2846, -1041.503174, -
2848, 2846, 2846, -1041.503174, -
2843, 2845, 2845, -1041.596313, -
2843, 2845, 2845, -1041.596313, -
2843, 2845, 2845, -1041.596313, -
2841, 2845, 2845, -1041.596313, -
2848, 2844, 2844, -1041.689697, -
2849, 2845, 2845, -1041.596313, -
2844, 2845, 2845, -1041.596313, -
2845, 2845, 2845, -1041.596313, -
2849, 2845, 2845, -1041.596313, -
2847, 2845, 2845, -1041.596313, -
2845, 2845, 2845, -1041.596313, -
2846, 2845, 2845, -1041.596313, -
2844, 2845, 2845, -1041.596313, -
2847, 2845, 2845, -1041.596313, -
2846, 2845, 2845, -1041.596313, -
2843, 2845, 2845, -1041.596313, -
2844, 2845, 2845, -1041.596313, -
2845, 2845, 2845, -1041.596313, -
2851, 2845, 2845, -1041.596313, -
2845, 2845, 2845, -1041.596313, -
2842, 2845, 2845, -1041.596313, -
2844, 2845, 2845, -1041.596313, -
2846, 2845, 2845, -1041.596313, -
2843, 2845, 2845, -1041.596313, -
2842, 2845, 2845, -1041.596313, -
2850, 2845, 2845, -1041.596313, -
2843, 2845, 2845, -1041.596313, -
2840, 2845, 2845, -1041.596313, -
2843, 2844, 2844, -1041.689697, -
2846, 2844, 2844, -1041.689697, -
2848, 2844, 2844, -1041.689697, -
2842, 2844, 2844, -1041.689697, -
2843, 2844, 2844, -1041.689697, -
2842, 2844, 2844, -1041.689697, -
2843, 2844, 2844, -1041.689697, -
2848, 2844, 2844, -1041.689697, -
2843, 2844, 2844, -1041.689697, -
2847, 2844, 2844, -1041.689697, -
2847, 2844, 2844, -1041.689697, -
2849, 2844, 2844, -1041.689697, -
2844, 2844, 2844, -1041.689697, -
2843, 2844, 2844, -1041.689697, -
2843, 2844, 2844, -1041.689697, -
2846, 2844, 0, 0.000000, -
2838, 2844, 0, 0.000000, -
2847, 2844, 0, 0.000000, -
2855, 2844, 0, 0.000000, -
2847, 2845, 1, -4.912476, -
2845, 2845, 1, -4.912476, -
2847, 2845, 1, -4.912476, -
2849, 2845, 1, -4.912476, -
2845, 2845, 1, -4.912476, -
2847, 2845, 1, -4.912476, -
2845, 2845, 1, -4.912476, -
2850, 2846, 2, -3.485291, -
2844, 2846, 2, -3.485291, -
2843, 2846, 2, -3.485291, -
2845, 2845, 1, -4.912476, -
2843, 2845, 1, -4.912476, -
2843, 2845, 1, -4.912476, -
2842, 2845, 1, -4.912476, -
2845, 2845, 1, -4.912476, -
2838, 2845, 1, -4.912476, -
2851, 2845, 1, -4.912476, -
2851, 2846, 2, -3.485291, -
2846, 2846, 2, -3.485291, -
2842, 2845, 1, -4.912476, -
2847, 2845, 1, -4.912476, -
2857, 2846, 2, -3.485291, -
2846, 2845, 1, -4.912476, -
2838, 2845, 1, -4.912476, -
2848, 2845, 1, -4.912476, -
2838, 2845, 1, -4.912476, -
2838, 2844, 0, 0.000000, -
2846, 2844, 0, 0.000000, -
2847, 2844, 0, 0.000000, -
2851, 2845, 1, -4.912476, -
2842, 2844, 0, 0.000000, -
2847, 2845, 1, -4.912476, -
2841, 2845, 1, -4.912476, -
2858, 2845, 1, -4.912476, -
2841, 2845, 1, -4.912476, -
2846, 2846, 2, -3.485291, -
2838, 2845, 1, -4.912476, -
2842, 2844, 0, 0.000000, -
2848, 2845, 1, -4.912476, -
2851, 2845, 1, -4.912476, -
2841, 2845, 1, -4.912476, -
2842, 2844, 0, 0.000000, -
2845, 2844, 0, 0.000000, -
2846, 2844, 0, 0.000000, -
2846, 2844, 0, 0.000000, -
2844, 2845, 1, -4.912476, -
2835, 2844, 0, 0.000000, -
2849, 2845, 1, -4.912476, -
2846, 2844, 0, 0.000000, -
2845, 2844, 0, 0.000000, -
2847, 2844, 0, 0.000000, -
2843, 2844, 0, 0.000000, -
2854, 2845, 1, -4.912476, -
2853, 2845, 1, -4.912476, -
2849, 2845, 1, -4.912476, -
2851, 2845, 1, -4.912476, -
2848, 2846, 2, -3.485291, -
2846, 2846, 2, -3.485291, -
2847, 2846, 2, -3.485291, -
2850, 2846, 2, -3.485291, -
2849, 2846, 2, -3.485291, -
2851, 2847, 3, -2.053162, -
2851, 2847, 3, -2.053162, -
2849, 2847, 3, -2.053162, -
2847, 2847, 3, -2.053162, -
2854, 2848, 4, -0.616089, -
2853, 2849, 5, 0.825989, -
2848, 2849, 5, 0.825989, -
2854, 2849, 5, 0.825989, -
2856, 2850, 6, 2.273132, -
2849, 2850, 6, 2.273132, -
2851, 2850, 6, 2.273132, -
2847, 2850, 6, 2.273132, -
2849, 2849, 5, 0.825989, -
2848, 2849, 5, 0.825989, -
2849, 2849, 5, 0.825989, -
2848, 2849, 5, 0.825989, -
2847, 2849, 5, 0.825989, -
2849, 2849, 5, 0.825989, -
2854, 2850, 6, 2.273132, -
2849, 2850, 6, 2.273132, -
2848, 2850, 6, 2.273132, -
2850, 2849, 5, 0.825989, -
2851, 2850, 6, 2.273132, -
2848, 2850, 6, 2.273132, -
2842, 2849, 5, 0.825989, -
2826, 2848, 4, -0.616089, -
2799, 2845, 1, -4.912476, -
2830, 2844, 0, 0.000000, -
2856, 2844, 0, 0.000000, -
2849, 2844, 0, 0.000000, -
2851, 2844, 0, 0.000000, -
2833, 2843, -1, 0.000000, -
2831, 2842, -2, 0.000000, -
2812, 2841, -3, 0.000000, -
2826, 2839, -5, 0.000000, -
2891, 2842, -2, 0.000000, -
2899, 2844, 0, 0.000000, -
2893, 2846, 2, -3.485291, -
2897, 2849, 5, 0.825989, -
2902, 2851, 7, 3.725281, -
2912, 2854, 10, 8.112305, -
2905, 2857, 13, 12.545715, -
2851, 2857, 13, 12.545715, -
2783, 2854, 10, 8.112305, -
2823, 2853, 9, 6.644836, -
2907, 2857, 13, 12.545715, -
2864, 2860, 16, 17.026245, -
2928, 2865, 21, 24.600586, -
2903, 2868, 24, 29.210510, -
2881, 2869, 25, 30.758240, -
2855, 2869, 25, 30.758240, -
2825, 2869, 25, 30.758240, -
2827, 2869, 25, 30.758240, -
2861, 2871, 27, 33.870483, -
2913, 2876, 32, 41.750305, -
2893, 2876, 32, 41.750305, -
2895, 2875, 31, 40.162903, -
2896, 2876, 32, 41.750305, -
2883, 2875, 31, 40.162903, -
2878, 2874, 30, 38.581177, -
2894, 2873, 29, 37.005249, -
2897, 2872, 28, 35.435059, -
2907, 2875, 31, 40.162903, -
2910, 2882, 38, 51.397888, -
2893, 2885, 41, 56.302185, -
2898, 2885, 41, 56.302185, -
2898, 2886, 42, 57.949097, -
2900, 2885, 41, 56.302185, -
2896, 2885, 41, 56.302185, -
2911, 2886, 42, 57.949097, -
2900, 2888, 44, 61.261353, -
2902, 2892, 48, 67.960449, -
2897, 2896, 52, 74.760986, -
2907, 2898, 54, 78.200012, -
2907, 2898, 54, 78.200012, -
2900, 2898, 54, 78.200012, -
2891, 2898, 54, 78.200012, -
2899, 2898, 54, 78.200012, -
2891, 2898, 54, 78.200012, -
2897, 2899, 55, 79.929382, -
2899, 2900, 56, 81.665283, -
2903, 2900, 56, 81.665283, -
2895, 2899, 55, 79.929382, -
2897, 2899, 55, 79.929382, -
2899, 2899, 55, 79.929382, -
2890, 2898, 54, 78.200012, -
2898, 2898, 54, 78.200012, -
2897, 2898, 54, 78.200012, -
2906, 2899, 55, 79.929382, -
2897, 2898, 54, 78.200012, -
2898, 2898, 54, 78.200012, -
2899, 2898, 54, 78.200012, -
2901, 2898, 54, 78.200012, -
2899, 2898, 54, 78.200012, -
2901, 2897, 53, 76.477234, -
2902, 2897, 53, 76.477234, -
2901, 2898, 54, 78.200012, -
2898, 2898, 54, 78.200012, -
2901, 2898, 54, 78.200012, -
2901, 2899, 55, 79.929382, -
2900, 2899, 55, 79.929382, -
2900, 2899, 55, 79.929382, -
2909, 2899, 55, 79.929382, -
2901, 2899, 55, 79.929382, -
2905, 2900, 56, 81.665283, -
2903, 2900, 56, 81.665283, -
2906, 2901, 57, 83.407837, -
2902, 2901, 57, 83.407837, -
2903, 2901, 57, 83.407837, -
2907, 2901, 57, 83.407837, -
2910, 2902, 58, 85.157104, -
2899, 2902, 58, 85.157104, -
2897, 2902, 58, 85.157104, -
2899, 2902, 58, 85.157104, -
2897, 2902, 58, 85.157104, -
2903, 2902, 58, 85.157104, -
2898, 2901, 57, 83.407837, -
2896, 2901, 57, 83.407837, -
2896, 2901, 57, 83.407837, -
2898, 2901, 57, 83.407837, -
2903, 2901, 57, 83.407837, -
2902, 2901, 57, 83.407837, -
2899, 2901, 57, 83.407837, -
2899, 2901, 57, 83.407837, -
2897, 2900, 56, 81.665283, -
2898, 2900, 56, 81.665283, -
2899, 2900, 56, 81.665283, -
2897, 2899, 55, 79.929382, -
2896, 2899, 55, 79.929382, -
2896, 2898, 54, 78.200012, -
2904, 2898, 54, 78.200012, -
2896, 2898, 54, 78.200012, 681
2897, 2898, 54, 78.200012, -
2897, 2898, 54, 78.200012, -
2899, 2898, 54, 78.200012, -
2896, 2898, 54, 78.200012, -
2896, 2898, 54, 78.200012, -
2897, 2898, 54, 78.200012, -
2897, 2898, 54, 78.200012, -
2899, 2898, 54, 78.200012, -
2896, 2897, 53, 76.477234, -
2897, 2897, 53, 76.477234, -
2901, 2897, 53, 76.477234, -
2899, 2897, 53, 76.477234, -
2902, 2897, 53, 76.477234, -
2915, 2898, 54, 78.200012, -
2896, 2898, 54, 78.200012, -
2895, 2898, 54, 78.200012, -
2895, 2898, 54, 78.200012, -
2895, 2898, 54, 78.200012, -
2895, 2898, 54, 78.200012, -
2899, 2898, 54, 78.200012, -
2897, 2898, 54, 78.200012, -
2897, 2898, 54, 78.200012, -
2900, 2898, 54, 78.200012, -
2896, 2898, 54, 78.200012, -
2899, 2898, 54, 78.200012, -
2895, 2898, 54, 78.200012, -
2897, 2898, 54, 78.200012, -
2895, 2898, 54, 78.200012, -
2902, 2898, 54, 78.200012, -
2898, 2898, 54, 78.200012, -
2903, 2898, 54, 78.200012, -
2901, 2898, 54, 78.200012, -
2896, 2898, 54, 78.200012, -
2909, 2898, 54, 78.200012, -
2891, 2897, 53, 76.477234, -
2906, 2898, 54, 78.200012, -
2896, 2898, 54, 78.200012, -
2897, 2898, 54, 78.200012, -
2897, 2898, 54, 78.200012, -
2896, 2898, 54, 78.200012, -
2898, 2898, 54, 78.200012, -
2896, 2898, 54, 78.200012, -
2901, 2898, 54, 78.200012, -
2899, 2898, 54, 78.200012, -
2899, 2898, 54, 78.200012, -
2897, 2898, 54, 78.200012, -
2897, 2898, 54, 78.200012, -
2898, 2898, 54, 78.200012, -
2905, 2899, 55, 79.929382, -
2901, 2899, 55, 79.929382, -
2899, 2898, 54, 78.200012, -
2901, 2898, 54, 78.200012, -
2899, 2899, 55, 79.929382, -
2901, 2898, 54, 78.200012, -
2897, 2899, 55, 79.929382, -
2897, 2898, 54, 78.200012, -
2900, 2898, 54, 78.200012, -
2897, 2898, 54, 78.200012, -
2901, 2898, 54, 78.200012, -
2895, 2898, 54, 78.200012, -
2899, 2898, 54, 78.200012, -
2897, 2899, 55, 79.929382, -
2897, 2898, 54, 78.200012, -
2902, 2898, 54, 78.200012, -
2903, 2899, 55, 79.929382, -
2897, 2899, 55, 79.929382, -
2898, 2899, 55, 79.929382, -
2901, 2899, 55, 79.929382, -
2901, 2899, 55, 79.929382, -
2897, 2898, 54, 78.200012, -
2898, 2898, 54, 78.200012, -
2897, 2898, 54, 78.200012, -
2897, 2898, 54, 78.200012, -
2899, 2898, 54, 78.200012, -
2902, 2898, 54, 78.200012, -
2897, 2898, 54, 78.200012, -
2896, 2898, 54, 78.200012, -
2896, 2898, 54, 78.200012, -
2899, 2898, 54, 78.200012, -
2901, 2898, 54, 78.200012, -
2902, 2898, 54, 78.200012, -
2898, 2898, 54, 78.200012, -
2901, 2899, 55, 79.929382, -
2897, 2898, 54, 78.200012, -
2899, 2898, 54, 78.200012, -
2899, 2898, 54, 78.200012, -
2903, 2899, 55, 79.929382, -
2905, 2899, 55, 79.929382, -
2902, 2899, 55, 79.929382, -
2900, 2899, 55, 79.929382, -
2901, 2899, 55, 79.929382, -
2897, 2899, 55, 79.929382, -
2899, 2899, 55, 79.929382, -
2903, 2899, 55, 79.929382, -
2899, 2899, 55, 79.929382, -
2905, 2900, 56, 81.665283, -
2902, 2900, 56, 81.665283, -
2910, 2901, 57, 83.407837, -
2901, 2901, 57, 83.407837, -
2901, 2901, 57, 83.407837, -
2897, 2900, 56, 81.665283, -
2899, 2901, 57, 83.407837, -
2896, 2900, 56, 81.665283, -
2910, 2901, 57, 83.407837, -
2901, 2901, 57, 83.407837, -
2898, 2901, 57, 83.407837, -
2899, 2901, 57, 83.407837, -
2906, 2901, 57, 83.407837, -
2899, 2901, 57, 83.407837, -
2901, 2901, 57, 83.407837, -
2906, 2901, 57, 83.407837, -
2899, 2901, 57, 83.407837, -
2906, 2901, 57, 83.407837, -
2896, 2901, 57, 83.407837, -
2893, 2901, 57, 83.407837, -
2900, 2901, 57, 83.407837, -
2896, 2900, 56, 81.665283, -
2905, 2900, 56, 81.665283, -
2898, 2900, 56, 81.665283, -
2897, 2900, 56, 81.665283, -
2901, 2900, 56, 81.665283, -
2909, 2900, 56, 81.665283, -
2897, 2900, 56, 81.665283, -
2893, 2900, 56, 81.665283, -
2896, 2899, 55, 79.929382, -
2896, 2899, 55, 79.929382, -
2896, 2899, 55, 79.929382, -
2896, 2899, 55, 79.929382, -
2897, 2898, 54, 78.200012, -
2898, 2898, 54, 78.200012, -
2897, 2898, 54, 78.200012, -
2895, 2898, 54, 78.200012, -
2893, 2897, 53, 76.477234, -
2892, 2897, 53, 76.477234, -
2896, 2897, 53, 76.477234, -
2895, 2897, 53, 76.477234, -
2896, 2897, 53, 76.477234, -
2901, 2896, 52, 74.760986, -
2899, 2897, 53, 76.477234, -
2899, 2897, 53, 76.477234, -
2898, 2896, 52, 74.760986, -
2899, 2896, 52, 74.760986, -
2896, 2896, 52, 74.760986, -
2906, 2897, 53, 76.477234, -
2898, 2897, 53, 76.477234, -
2897, 2897, 53, 76.477234, -
2899, 2897, 53, 76.477234, -
2899, 2897, 53, 76.477234, -
2898, 2897, 53, 76.477234, -
2898, 2897, 53, 76.477234, -
2898, 2897, 53, 76.477234, -
2896, 2897, 53, 76.477234, -
2897, 2897, 53, 76.477234, -
2899, 2898, 54, 78.200012, -
2897, 2898, 54, 78.200012, -
2897, 2898, 54, 78.200012, -
2897, 2898, 54, 78.200012, -
2903, 2898, 54, 78.200012, -
2896, 2898, 54, 78.200012, -
2898, 2898, 54, 78.200012, -
2896, 2898, 54, 78.200012, -
2896, 2898, 54, 78.200012, -
2898, 2898, 54, 78.200012, -
2900, 2897, 53, 76.477234, -
2897, 2897, 53, 76.477234, -
2898, 2897, 53, 76.477234, -
2899, 2897, 53, 76.477234, -
2897, 2897, 53, 76.477234, -
2897, 2897, 53, 76.477234, -
2901, 2897, 53, 76.477234, -
2905, 2898, 54, 78.200012, -
2898, 2898, 54, 78.200012, -
2897, 2898, 54, 78.200012, -
2898, 2898, 54, 78.200012, -
2897, 2898, 54, 78.200012, -
2898, 2898, 54, 78.200012, -
2897, 2898, 54, 78.200012, -
2903, 2898, 54, 78.200012, -
2897, 2898, 54, 78.200012, -
2906, 2898, 54, 78.200012, -
2900, 2898, 54, 78.200012, -
2899, 2899, 55, 79.929382, -
2897, 2899, 55, 79.929382, -
2897, 2898, 54, 78.200012, -
2896, 2898, 54, 78.200012, -
2898, 2898, 54, 78.200012, -
2905, 2899, 55, 79.929382, -
2899, 2899, 55, 79.929382, -
2899, 2899, 55, 79.929382, -
2896, 2899, 55, 79.929382, -
2898, 2898, 54, 78.200012, -
2898, 2898, 54, 78.200012, -
2898, 2898, 54, 78.200012, -
2896, 2898, 54, 78.200012, -
2923, 2900, 56, 81.665283, -
2826, 2896, 52, 74.760986, -
2805, 2891, 47, 66.276245, -
2862, 2889, 45, 62.926758, -
2931, 2891, 47, 66.276245, -
2927, 2892, 48, 67.960449, -
2943, 2894, 50, 71.347900, -
2994, 2899, 55, 79.929382, -
2991, 2904, 60, 88.675720, -
2977, 2908, 64, 95.794739, -
2918, 2909, 65, 97.591797, -
2868, 2907, 63, 94.004700, -
2845, 2904, 60, 88.675720, -
2845, 2902, 58, 85.157104, -
2847, 2899, 55, 79.929382, -
2830, 2896, 52, 74.760986, -
2850, 2893, 49, 69.651001, -
2843, 2890, 46, 64.598389, -
2854, 2888, 44, 61.261353, -
2855, 2886, 42, 57.949097, -
2845, 2882, 38, 51.397888, -
2849, 2883, 39, 53.026611, -
2838, 2885, 41, 56.302185, -
2855, 2885, 41, 56.302185, -
2854, 2881, 37, 49.775208, -
2848, 2877, 33, 43.343567, -
2849, 2872, 28, 35.435059, -
2846, 2865, 21, 24.600586, -
2843, 2857, 13, 12.545715, -
2837, 2850, 6, 2.273132, -
2848, 2847, 3, -2.053162, -
2844, 2846, 2, -3.485291, -
2845, 2846, 2, -3.485291, -
2845, 2846, 2, -3.485291, -
2848, 2846, 2, -3.485291, -
2839, 2846, 2, -3.485291, -
2848, 2846, 2, -3.485291, -
2845, 2846, 2, -3.485291, -
2848, 2846, 2, -3.485291, -
2845, 2845, 1, -4.912476, -
2846, 2846, 2, -3.485291, -
2843, 2845, 1, -4.912476, -
2845, 2846, 2, -3.485291, -
2847, 2845, 1, -4.912476, -
2847, 2845, 1, -4.912476, -
2851, 2845, 1, -4.912476, -
2848, 2845, 1, -4.912476, -
2849, 2845, 1, -4.912476, -
2846, 2845, 1, -4.912476, -
2846, 2846, 2, -3.485291, -
2846, 2846, 2, -3.485291, -
2847, 2846, 2, -3.485291, -
2846, 2846, 2, -3.485291, -
2845, 2846, 2, -3.485291, -
2850, 2846, 2, -3.485291, -
2846, 2846, 2, -3.485291, -
2848, 2846, 2, -3.485291, -
2846, 2846, 2, -3.485291, -
2841, 2846, 2, -3.485291, -
2835, 2845, 1, -4.912476, -
2832, 2845, 1, -4.912476, -
2830, 2844, 0, 0.000000, -
2832, 2843, -1, 0.000000, -
2826, 2842, -2, 0.000000, -
2832, 2842, -2, 0.000000, -
2827, 2840, -4, 0.000000, -
2826, 2839, -5, 0.000000, -
2827, 2838, -6, 0.000000, -
2832, 2838, -6, 0.000000, -
2829, 2837, -7, 0.000000, -
2826, 2836, -8, 0.000000, -
2826, 2835, -9, 0.000000, -
2829, 2834, -10, 0.000000, -
2824, 2833, -11, 0.000000, -
2831, 2832, -12, 0.000000, -
2832, 2831, -13, 0.000000, -
2828, 2830, -14, 0.000000, -
2822, 2829, -15, 0.000000, -
2829, 2828, -16, 0.000000, -
2832, 2828, -16, 0.000000, -
2827, 2828, -16, 0.000000, -
