Executing action: monitor
Serial port /dev/cu.usbserial-5A6C0397701
Connecting.....
Detecting chip type... Unsupported detection protocol, switching and trying again...
Connecting.....
Detecting chip type... ESP32
Running idf_monitor in directory /Users/trevor/dev/microcontrollers/launderer
Executing "/nix/store/832gjh31jhz2hi3n1fwa34xvlvgkx14r-python3-3.13.11-env/bin/python /nix/store/7wxv58nqgjckrbqribx9wvvp1bn9pqbr-esp-idf-v5.5.2/tools/idf_monitor.py -p /dev/cu.usbserial-5A6C0397701 -b 115200 --toolchain-prefix xtensa-esp32-elf- --target esp32 --revision 0 /Users/trevor/dev/microcontrollers/launderer/build/launderer.elf /Users/trevor/dev/microcontrollers/launderer/build/bootloader/bootloader.elf -m '/nix/store/832gjh31jhz2hi3n1fwa34xvlvgkx14r-python3-3.13.11-env/bin/python' '/nix/store/7wxv58nqgjckrbqribx9wvvp1bn9pqbr-esp-idf-v5.5.2/tools/idf.py'"...
ets Jul 29 2019 12:21:46

rst:0x1 (POWERON_RESET),boot:0x13 (SPI_FAST_FLASH_BOOT)
configsip: 271414342, SPIWP:0xee
clk_drv:0x00,q_drv:0x00,d_drv:0x00,cs0_drv:0x00,hd_drv:0x00,wp_drv:0x00
mode:DIO, clock div:2
load:0x3fff0030,len:6384
load:0x40078000,len:15916
load:0x40080400,len:3920
entry 0x40080644
[0;32mI (28) boot: ESP-IDF v5.5.2 2nd stage bootloader[0m
[0;32mI (28) boot: compile time Jan  1 1980 00:00:00[0m
[0;32mI (28) boot: Multicore bootloader[0m
[0;32mI (29) boot: chip revision: v3.1[0m
[0;32mI (32) boot.esp32: SPI Speed      : 40MHz[0m
[0;32mI (36) boot.esp32: SPI Mode       : DIO[0m
[0;32mI (40) boot.esp32: SPI Flash Size : 2MB[0m
[0;32mI (43) boot: Enabling RNG early entropy source...[0m
[0;32mI (48) boot: Partition Table:[0m
[0;32mI (50) boot: ## Label            Usage          Type ST Offset   Length[0m
[0;32mI (57) boot:  0 nvs              WiFi data        01 02 00009000 00006000[0m
[0;32mI (63) boot:  1 phy_init         RF data          01 01 0000f000 00001000[0m
[0;32mI (70) boot:  2 factory          factory app      00 00 00010000 00100000[0m
[0;32mI (76) boot: End of partition table[0m
[0;32mI (79) esp_image: segment 0: paddr=00010020 vaddr=3f400020 size=121b8h ( 74168) map[0m
[0;32mI (112) esp_image: segment 1: paddr=000221e0 vaddr=3ffbdb60 size=0364ch ( 13900) load[0m
[0;32mI (118) esp_image: segment 2: paddr=00025834 vaddr=40080000 size=0a7e4h ( 42980) load[0m
[0;32mI (135) esp_image: segment 3: paddr=00030020 vaddr=400d0020 size=24590h (148880) map[0m
[0;32mI (186) esp_image: segment 4: paddr=000545b8 vaddr=4008a7e4 size=02a98h ( 10904) load[0m
[0;32mI (190) esp_image: segment 5: paddr=00057058 vaddr=50000000 size=00020h (    32) load[0m
[0;32mI (197) boot: Loaded app from partition at offset 0x10000[0m
[0;32mI (197) boot: Disabling RNG early entropy source...[0m
[0;32mI (211) cpu_start: Multicore app[0m
[0;32mI (219) cpu_start: GPIO 3 and 1 are used as console UART I/O pins[0m
[0;32mI (220) cpu_start: Pro cpu start user code[0m
[0;32mI (220) cpu_start: cpu freq: 160000000 Hz[0m
[0;32mI (222) app_init: Application information:[0m
[0;32mI (225) app_init: Project name:     launderer[0m
[0;32mI (229) app_init: App version:      c471b7e-dirty[0m
[0;32mI (234) app_init: Compile time:     Jan  1 1980 00:00:00[0m
[0;32mI (239) app_init: ELF file SHA256:  67e7cc0c6...[0m
[0;32mI (243) app_init: ESP-IDF:          v5.5.2[0m
[0;32mI (247) efuse_init: Min chip rev:     v0.0[0m
[0;32mI (251) efuse_init: Max chip rev:     v3.99 [0m
[0;32mI (255) efuse_init: Chip rev:         v3.1[0m
[0;32mI (259) heap_init: Initializing. RAM available for dynamic allocation:[0m
[0;32mI (265) heap_init: At 3FFAE6E0 len 0000F480 (61 KiB): DRAM[0m
[0;32mI (270) heap_init: At 3FFC1D28 len 0001E2D8 (120 KiB): DRAM[0m
[0;32mI (275) heap_init: At 3FFE0440 len 00003AE0 (14 KiB): D/IRAM[0m
[0;32mI (281) heap_init: At 3FFE4350 len 0001BCB0 (111 KiB): D/IRAM[0m
[0;32mI (286) heap_init: At 4008D27C len 00012D84 (75 KiB): IRAM[0m
[0;32mI (293) spi_flash: detected chip: generic[0m
[0;32mI (295) spi_flash: flash io: dio[0m
[0;33mW (298) spi_flash: Detected size(8192k) larger than the size in the binary image header(2048k). Using the size in the binary image header.[0m
[0;32mI (311) coexist: coex firmware version: 7260f71[0m
[0;32mI (315) main_task: Started on CPU0[0m
[0;32mI (325) main_task: Calling app_main()[0m
[0;32mI (325) i2cdev: [Port 0] First initialization. Configuring bus with SDA=22, SCL=20 (Pullups SCL:0 SDA:0)[0m
[0;33mW (325) i2c.master: Please check pull-up resistances whether be connected properly. Otherwise unexpected behavior would happen. For more detailed information, please read docs[0m
[0;32mI (345) i2cdev: [Port 0] Successfully installed I2C master bus (Handle: 0x3ffb3184).[0m
[0;32mI (345) i2cdev: [0x27 at 0] Device added successfully (Device Handle: 0x3ffb36f0, Speed: 100000 Hz).[0m
raw_press(ADC), avg_press(ADC), zeroed_press(ADC), stones_press(#), time(ms)
2846, 2846, 2846, -1041.503174, -
2844, 2845, 2845, -1041.596313, -
2845, 2845, 2845, -1041.596313, -
2846, 2845, 2845, -1041.596313, -
2844, 2845, 2845, -1041.596313, -
2843, 2844, 2844, -1041.689697, -
2843, 2844, 0, 0.000000, -
2847, 2844, 0, 0.000000, -
2848, 2845, 1, -4.912476, -
2843, 2844, 0, 0.000000, -
2845, 2844, 0, 0.000000, -
2841, 2844, 0, 0.000000, -
2845, 2844, 0, 0.000000, -
2845, 2844, 0, 0.000000, -
2848, 2844, 0, 0.000000, -
2851, 2845, 1, -4.912476, -
2841, 2845, 1, -4.912476, -
2848, 2845, 1, -4.912476, -
2846, 2845, 1, -4.912476, -
2843, 2845, 1, -4.912476, -
2845, 2845, 1, -4.912476, -
2843, 2845, 1, -4.912476, -
2843, 2844, 0, 0.000000, -
2848, 2845, 1, -4.912476, -
2843, 2844, 0, 0.000000, -
2849, 2845, 1, -4.912476, -
2850, 2845, 1, -4.912476, -
2848, 2845, 1, -4.912476, -
2844, 2845, 1, -4.912476, -
2848, 2845, 1, -4.912476, -
2843, 2845, 1, -4.912476, -
2843, 2845, 1, -4.912476, -
2850, 2845, 1, -4.912476, -
2850, 2846, 2, -3.485291, -
2855, 2846, 2, -3.485291, -
2836, 2845, 1, -4.912476, -
2853, 2846, 2, -3.485291, -
2846, 2846, 2, -3.485291, -
2855, 2846, 2, -3.485291, -
2850, 2847, 3, -2.053162, -
2835, 2846, 2, -3.485291, -
2839, 2846, 2, -3.485291, -
2846, 2846, 2, -3.485291, -
2846, 2846, 2, -3.485291, -
2845, 2846, 2, -3.485291, -
2846, 2846, 2, -3.485291, -
2845, 2846, 2, -3.485291, -
2843, 2845, 1, -4.912476, -
2850, 2846, 2, -3.485291, -
2846, 2846, 2, -3.485291, -
2846, 2846, 2, -3.485291, -
2844, 2846, 2, -3.485291, -
2843, 2845, 1, -4.912476, -
2845, 2845, 1, -4.912476, -
2843, 2845, 1, -4.912476, -
2849, 2845, 1, -4.912476, -
2838, 2845, 1, -4.912476, -
2846, 2845, 1, -4.912476, -
2843, 2844, 0, 0.000000, -
2851, 2844, 0, 0.000000, -
2841, 2844, 0, 0.000000, -
2847, 2845, 1, -4.912476, -
2854, 2845, 1, -4.912476, -
2854, 2845, 1, -4.912476, -
2844, 2845, 1, -4.912476, -
2849, 2846, 2, -3.485291, -
2851, 2846, 2, -3.485291, -
2843, 2846, 2, -3.485291, -
2861, 2846, 2, -3.485291, -
2853, 2847, 3, -2.053162, -
2842, 2847, 3, -2.053162, -
2835, 2846, 2, -3.485291, -
2763, 2842, -2, 0.000000, -
2721, 2836, -8, 0.000000, -
2779, 2833, -11, 0.000000, -
2795, 2830, -14, 0.000000, -
2770, 2827, -17, 0.000000, -
2751, 2822, -22, 0.000000, -
2730, 2816, -28, 0.000000, -
2698, 2809, -35, 0.000000, -
2688, 2801, -43, 0.000000, -
2749, 2796, -48, 0.000000, -
2849, 2796, -48, 0.000000, -
2857, 2796, -48, 0.000000, -
2901, 2799, -45, 0.000000, -
3006, 2807, -37, 0.000000, -
3024, 2815, -29, 0.000000, -
3023, 2824, -20, 0.000000, -
3015, 2832, -12, 0.000000, -
3024, 2841, -3, 0.000000, -
3043, 2851, 7, 3.725281, -
3017, 2860, 16, 17.026245, -
2925, 2868, 24, 29.210510, -
2880, 2876, 32, 41.750305, -
2869, 2880, 36, 48.158447, -
2913, 2886, 42, 57.949097, -
2879, 2892, 48, 67.960449, -
2864, 2897, 53, 76.477234, -
2873, 2904, 60, 88.675720, -
2867, 2913, 69, 104.850159, -
2889, 2923, 79, 123.502747, -
2910, 2931, 87, 138.969238, -
2927, 2935, 91, 146.892090, -
2913, 2938, 94, 152.919739, -
2919, 2939, 95, 154.945496, -
2915, 2934, 90, 144.899231, -
2893, 2927, 83, 131.173828, -
2882, 2920, 76, 117.829346, -
2883, 2914, 70, 106.682556, -
2891, 2907, 63, 94.004700, -
2900, 2900, 56, 81.665283, -
2917, 2895, 51, 73.051208, -
2928, 2895, 51, 73.051208, -
2919, 2897, 53, 76.477234, -
2910, 2899, 55, 79.929382, -
2893, 2898, 54, 78.200012, -
2894, 2899, 55, 79.929382, -
2898, 2901, 57, 83.407837, -
2909, 2902, 58, 85.157104, 713
2906, 2904, 60, 88.675720, -
2917, 2906, 62, 92.221497, -
2909, 2906, 62, 92.221497, -
2905, 2905, 61, 90.445190, -
2905, 2904, 60, 88.675720, -
2903, 2903, 59, 86.913025, -
2903, 2903, 59, 86.913025, -
2905, 2903, 59, 86.913025, -
2901, 2904, 60, 88.675720, -
2905, 2905, 61, 90.445190, -
2905, 2906, 62, 92.221497, -
2903, 2906, 62, 92.221497, -
2901, 2905, 61, 90.445190, -
2902, 2904, 60, 88.675720, -
2901, 2903, 59, 86.913025, -
2905, 2903, 59, 86.913025, -
2909, 2904, 60, 88.675720, -
2903, 2904, 60, 88.675720, -
2901, 2904, 60, 88.675720, -
2905, 2904, 60, 88.675720, -
2898, 2904, 60, 88.675720, -
2903, 2903, 59, 86.913025, -
2906, 2903, 59, 86.913025, -
2905, 2903, 59, 86.913025, -
2903, 2903, 59, 86.913025, -
2908, 2903, 59, 86.913025, -
2907, 2903, 59, 86.913025, -
2896, 2903, 59, 86.913025, -
2899, 2903, 59, 86.913025, -
2896, 2902, 58, 85.157104, -
2905, 2902, 58, 85.157104, -
2908, 2903, 59, 86.913025, -
2909, 2903, 59, 86.913025, -
2909, 2903, 59, 86.913025, -
2896, 2903, 59, 86.913025, -
2902, 2903, 59, 86.913025, -
2896, 2902, 58, 85.157104, -
2905, 2902, 58, 85.157104, -
2902, 2902, 58, 85.157104, -
2898, 2902, 58, 85.157104, -
2899, 2902, 58, 85.157104, -
2902, 2902, 58, 85.157104, -
2902, 2902, 58, 85.157104, -
2911, 2902, 58, 85.157104, -
2909, 2902, 58, 85.157104, -
2899, 2902, 58, 85.157104, -
2911, 2902, 58, 85.157104, -
2907, 2903, 59, 86.913025, -
2896, 2903, 59, 86.913025, -
2903, 2903, 59, 86.913025, -
2902, 2903, 59, 86.913025, -
2915, 2903, 59, 86.913025, -
2903, 2903, 59, 86.913025, -
2898, 2902, 58, 85.157104, -
2898, 2902, 58, 85.157104, -
2893, 2902, 58, 85.157104, -
2909, 2903, 59, 86.913025, -
2899, 2902, 58, 85.157104, -
2909, 2903, 59, 86.913025, -
2899, 2903, 59, 86.913025, -
2903, 2903, 59, 86.913025, -
2911, 2903, 59, 86.913025, -
2907, 2904, 60, 88.675720, -
2910, 2904, 60, 88.675720, -
2899, 2903, 59, 86.913025, -
2900, 2903, 59, 86.913025, -
2907, 2903, 59, 86.913025, -
2903, 2903, 59, 86.913025, -
2902, 2903, 59, 86.913025, -
2903, 2903, 59, 86.913025, -
2909, 2903, 59, 86.913025, -
2909, 2903, 59, 86.913025, -
2901, 2903, 59, 86.913025, -
2900, 2903, 59, 86.913025, -
2900, 2903, 59, 86.913025, -
2911, 2904, 60, 88.675720, -
2903, 2904, 60, 88.675720, -
2903, 2904, 60, 88.675720, -
2906, 2904, 60, 88.675720, -
2903, 2904, 60, 88.675720, -
2902, 2904, 60, 88.675720, -
2900, 2903, 59, 86.913025, -
2901, 2903, 59, 86.913025, -
2909, 2903, 59, 86.913025, -
2903, 2903, 59, 86.913025, -
2902, 2903, 59, 86.913025, -
2907, 2903, 59, 86.913025, -
2909, 2904, 60, 88.675720, -
2902, 2904, 60, 88.675720, -
2909, 2904, 60, 88.675720, -
2900, 2904, 60, 88.675720, -
2903, 2903, 59, 86.913025, -
2905, 2903, 59, 86.913025, -
2906, 2904, 60, 88.675720, -
2899, 2904, 60, 88.675720, -
2903, 2903, 59, 86.913025, -
2902, 2903, 59, 86.913025, -
2908, 2903, 59, 86.913025, -
2903, 2903, 59, 86.913025, -
2906, 2903, 59, 86.913025, -
2900, 2903, 59, 86.913025, -
2899, 2903, 59, 86.913025, -
2896, 2903, 59, 86.913025, -
2909, 2903, 59, 86.913025, -
2907, 2903, 59, 86.913025, -
2911, 2904, 60, 88.675720, -
2901, 2903, 59, 86.913025, -
2903, 2903, 59, 86.913025, -
2901, 2903, 59, 86.913025, -
2906, 2903, 59, 86.913025, -
2903, 2903, 59, 86.913025, -
2911, 2903, 59, 86.913025, -
2907, 2904, 60, 88.675720, -
2906, 2904, 60, 88.675720, -
2902, 2904, 60, 88.675720, -
2902, 2904, 60, 88.675720, -
2901, 2904, 60, 88.675720, -
2907, 2904, 60, 88.675720, -
2903, 2904, 60, 88.675720, -
2905, 2904, 60, 88.675720, -
2902, 2904, 60, 88.675720, -
2903, 2904, 60, 88.675720, -
2907, 2904, 60, 88.675720, -
2907, 2904, 60, 88.675720, -
2906, 2904, 60, 88.675720, -
2903, 2904, 60, 88.675720, -
2896, 2904, 60, 88.675720, -
2906, 2904, 60, 88.675720, -
2903, 2904, 60, 88.675720, -
2907, 2904, 60, 88.675720, -
2907, 2904, 60, 88.675720, -
2913, 2904, 60, 88.675720, -
2903, 2904, 60, 88.675720, -
2903, 2904, 60, 88.675720, -
2902, 2904, 60, 88.675720, -
2902, 2904, 60, 88.675720, -
2911, 2904, 60, 88.675720, -
2930, 2905, 61, 90.445190, -
2928, 2907, 63, 94.004700, -
2935, 2908, 64, 95.794739, -
2962, 2911, 67, 101.206848, -
2850, 2909, 65, 97.591797, -
2823, 2904, 60, 88.675720, -
2817, 2900, 56, 81.665283, -
2829, 2896, 52, 74.760986, -
2805, 2891, 47, 66.276245, -
2775, 2885, 41, 56.302185, -
2781, 2879, 35, 46.547607, -
2801, 2874, 30, 38.581177, -
2797, 2868, 24, 29.210510, -
2771, 2861, 17, 18.530334, -
2779, 2855, 11, 9.584900, -
2797, 2849, 5, 0.825989, -
2887, 2849, 5, 0.825989, -
2959, 2851, 7, 3.725281, -
2981, 2855, 11, 9.584900, -
2999, 2860, 16, 17.026245, -
3017, 2864, 20, 23.074890, -
3023, 2869, 25, 30.758240, -
2997, 2872, 28, 35.435059, -
2946, 2871, 27, 33.870483, -
2914, 2874, 30, 38.581177, -
2880, 2877, 33, 43.343567, -
2848, 2879, 35, 46.547607, -
2818, 2878, 34, 44.942627, -
2794, 2878, 34, 44.942627, -
