Executing action: monitor
Serial port COM10
Connecting.....
Detecting chip type... ESP32
Running idf_monitor in directory C:\Users\Rebecca\Documents\GitHub\launderer
Executing "C:\Espressif\tools\python\v5.5.4\venv\Scripts\python.exe C:\esp\v5.5.4\esp-idf\tools/idf_monitor.py -p COM10 -b 115200 --toolchain-prefix xtensa-esp32-elf- --target esp32 --revision 0 C:\Users\Rebecca\Documents\GitHub\launderer\build\launderer.elf C:\Users\Rebecca\Documents\GitHub\launderer\build\bootloader\bootloader.elf --force-color -m 'C:\Espressif\tools\python\v5.5.4\venv\Scripts\python.exe' 'C:\esp\v5.5.4\esp-idf\tools\idf.py'"...
ets Jul 29 2019 12:21:46

rst:0x1 (POWERON_RESET),boot:0x13 (SPI_FAST_FLASH_BOOT)
configsip: 271414342, SPIWP:0xee
clk_drv:0x00,q_drv:0x00,d_drv:0x00,cs0_drv:0x00,hd_drv:0x00,wp_drv:0x00
mode:DIO, clock div:2
load:0x3fff0030,len:6280
load:0x40078000,len:15864
load:0x40080400,len:3920
entry 0x40080644
I (28) boot: ESP-IDF v5.5.4 2nd stage bootloader
I (28) boot: compile time Mar 30 2026 13:41:26
I (28) boot: Multicore bootloader
I (29) boot: chip revision: v3.1
I (32) boot.esp32: SPI Speed      : 40MHz
I (36) boot.esp32: SPI Mode       : DIO
I (40) boot.esp32: SPI Flash Size : 2MB
I (43) boot: Enabling RNG early entropy source...
I (48) boot: Partition Table:
I (50) boot: ## Label            Usage          Type ST Offset   Length
I (57) boot:  0 nvs              WiFi data        01 02 00009000 00006000
I (63) boot:  1 phy_init         RF data          01 01 0000f000 00001000
I (70) boot:  2 factory          factory app      00 00 00010000 00100000
I (76) boot: End of partition table
I (79) esp_image: segment 0: paddr=00010020 vaddr=3f400020 size=11254h ( 70228) map
I (111) esp_image: segment 1: paddr=0002127c vaddr=3ffbdb60 size=039dch ( 14812) load
I (117) esp_image: segment 2: paddr=00024c60 vaddr=40080000 size=0b3b8h ( 46008) load
I (135) esp_image: segment 3: paddr=00030020 vaddr=400d0020 size=1cbbch (117692) map
I (175) esp_image: segment 4: paddr=0004cbe4 vaddr=4008b3b8 size=01760h (  5984) load
I (178) esp_image: segment 5: paddr=0004e34c vaddr=50000000 size=00020h (    32) load
I (186) boot: Loaded app from partition at offset 0x10000
I (186) boot: Disabling RNG early entropy source...
I (201) cpu_start: Multicore app
I (209) cpu_start: GPIO 3 and 1 are used as console UART I/O pins
I (209) cpu_start: Pro cpu start user code
I (209) cpu_start: cpu freq: 160000000 Hz
I (211) app_init: Application information:
I (215) app_init: Project name:     launderer
I (219) app_init: App version:      2a785c3-dirty
I (223) app_init: Compile time:     Mar 30 2026 13:39:21
I (229) app_init: ELF file SHA256:  db221be2d...
I (233) app_init: ESP-IDF:          v5.5.4
I (237) efuse_init: Min chip rev:     v0.0
I (240) efuse_init: Max chip rev:     v3.99 
I (244) efuse_init: Chip rev:         v3.1
I (249) heap_init: Initializing. RAM available for dynamic allocation:
I (255) heap_init: At 3FFAE6E0 len 0000F480 (61 KiB): DRAM
I (260) heap_init: At 3FFC2238 len 0001DDC8 (119 KiB): DRAM
I (265) heap_init: At 3FFE0440 len 00003AE0 (14 KiB): D/IRAM
I (270) heap_init: At 3FFE4350 len 0001BCB0 (111 KiB): D/IRAM
I (276) heap_init: At 4008CB18 len 000134E8 (77 KiB): IRAM
I (282) spi_flash: detected chip: generic
I (285) spi_flash: flash io: dio
W (288) spi_flash: Detected size(8192k) larger than the size in the binary image header(2048k). Using the size in the binary image header.
I (301) coexist: coex firmware version: 093e3d2
I (305) main_task: Started on CPU0
I (315) main_task: Calling app_main()
I (315) i2cdev: [Port 0] First initialization. Configuring bus with SDA=22, SCL=20 (Pullups SCL:0 SDA:0)
W (315) i2c.master: Please check pull-up resistances whether be connected properly. Otherwise unexpected behavior would happen. For more detailed information, please read docs
I (335) i2cdev: [Port 0] Successfully installed I2C master bus (Handle: 0x3ffb2830).
I (335) i2cdev: [0x27 at 0] Device added successfully (Device Handle: 0x3ffb2d9c, Speed: 100000 Hz).
raw(ADC), avg(ADC), zeroed(ADC), stones(#), time(ms)
2816, 2816, 2816, -1044.336060, -
2743, 2779, 2779, -1047.936401, -
2747, 2768, 2768, -1049.030273, -
2749, 2763, 2763, -1049.531128, -
2746, 2760, 2760, -1049.832764, -
2745, 2757, 2757, -1050.135254, -
2746, 2756, 2756, -1050.236206, -
2745, 2754, 2754, -1050.438477, -
2746, 2753, 2753, -1050.539795, -
2739, 2752, 2752, -1050.641113, -
2745, 2751, 2751, -1050.742676, -
2747, 2751, 2751, -1050.742676, -
2738, 2750, 2750, -1050.844238, -
2742, 2749, 2749, -1050.945801, -
2742, 2749, 2749, -1050.945801, -
2749, 2749, 2749, -1050.945801, -
2750, 2749, 2749, -1050.945801, -
2746, 2748, 2748, -1051.047607, -
2746, 2748, 2748, -1051.047607, -
2742, 2748, 2748, -1051.047607, -
2743, 2744, 2744, -1051.455566, -
2742, 2744, 2744, -1051.455566, -
2746, 2744, 2744, -1051.455566, -
2747, 2744, 2744, -1051.455566, -
2745, 2744, 2744, -1051.455566, -
2741, 2744, 2744, -1051.455566, -
2745, 2744, 2744, -1051.455566, -
2749, 2744, 2744, -1051.455566, -
2743, 2744, 2744, -1051.455566, -
2743, 2744, 2744, -1051.455566, -
2749, 2744, 2744, -1051.455566, -
2743, 2744, 2744, -1051.455566, -
2741, 2744, 2744, -1051.455566, -
2749, 2745, 2745, -1051.353394, -
2738, 2744, 2744, -1051.455566, -
2742, 2744, 2744, -1051.455566, -
2747, 2744, 2744, -1051.455566, -
2749, 2744, 2744, -1051.455566, -
2750, 2744, 2744, -1051.455566, -
2750, 2745, 2745, -1051.353394, -
2743, 2745, 2745, -1051.353394, -
2745, 2745, 2745, -1051.353394, -
2749, 2745, 2745, -1051.353394, -
2751, 2745, 2745, -1051.353394, -
2742, 2745, 2745, -1051.353394, -
2742, 2745, 2745, -1051.353394, -
2747, 2745, 2745, -1051.353394, -
2742, 2745, 2745, -1051.353394, -
2742, 2745, 2745, -1051.353394, -
2746, 2745, 2745, -1051.353394, -
2750, 2745, 2745, -1051.353394, -
2739, 2745, 2745, -1051.353394, -
2749, 2745, 2745, -1051.353394, -
2749, 2745, 2745, -1051.353394, -
2743, 2745, 2745, -1051.353394, -
2742, 2745, 2745, -1051.353394, -
2751, 2746, 2746, -1051.251343, -
2741, 2745, 2745, -1051.353394, -
2742, 2745, 2745, -1051.353394, -
2747, 2745, 2745, -1051.353394, -
2748, 2745, 2745, -1051.353394, -
2743, 2745, 2745, -1051.353394, -
2740, 2744, 2744, -1051.455566, -
2750, 2744, 2744, -1051.455566, -
2749, 2745, 2745, -1051.353394, -
2749, 2745, 2745, -1051.353394, -
2745, 2745, 2745, -1051.353394, -
2740, 2745, 2745, -1051.353394, -
2741, 2745, 2745, -1051.353394, -
2744, 2745, 2745, -1051.353394, -
2746, 2744, 2744, -1051.455566, -
2747, 2745, 2745, -1051.353394, -
2751, 2745, 2745, -1051.353394, -
2743, 2745, 2745, -1051.353394, -
2745, 2745, 2745, -1051.353394, -
2741, 2745, 2745, -1051.353394, -
2750, 2745, 2745, -1051.353394, -
2749, 2745, 2745, -1051.353394, -
2743, 2745, 2745, -1051.353394, -
2743, 2745, 2745, -1051.353394, -
2746, 2745, 2745, -1051.353394, -
2742, 2745, 2745, -1051.353394, -
2743, 2745, 2745, -1051.353394, -
2745, 2745, 2745, -1051.353394, -
2749, 2745, 2745, -1051.353394, -
2748, 2745, 2745, -1051.353394, -
2742, 2744, 2744, -1051.455566, -
2746, 2745, 2745, -1051.353394, -
2742, 2745, 2745, -1051.353394, -
2741, 2745, 2745, -1051.353394, -
2739, 2744, 2744, -1051.455566, -
2745, 2744, 2744, -1051.455566, -
2741, 2744, 2744, -1051.455566, -
2743, 2744, 2744, -1051.455566, -
2746, 2744, 2744, -1051.455566, -
2748, 2744, 2744, -1051.455566, -
2747, 2744, 2744, -1051.455566, -
2747, 2744, 2744, -1051.455566, -
2743, 2744, 2744, -1051.455566, -
2747, 2744, 2744, -1051.455566, -
2742, 2744, 2744, -1051.455566, -
2748, 2744, 2744, -1051.455566, -
2737, 2744, 2744, -1051.455566, -
2747, 2744, 2744, -1051.455566, -
2750, 2744, 2744, -1051.455566, -
2749, 2744, 2744, -1051.455566, -
2746, 2744, 2744, -1051.455566, -
2747, 2744, 2744, -1051.455566, -
2741, 2744, 2744, -1051.455566, -
2743, 2744, 2744, -1051.455566, -
2743, 2745, 2745, -1051.353394, -
2740, 2744, 2744, -1051.455566, -
2740, 2744, 2744, -1051.455566, -
2742, 2744, 2744, -1051.455566, -
2745, 2744, 2744, -1051.455566, -
2737, 2744, 2744, -1051.455566, -
2739, 2743, 2743, -1051.557739, -
2747, 2743, 2743, -1051.557739, -
2748, 2743, 2743, -1051.557739, -
2730, 2743, 2743, -1051.557739, -
2747, 2743, 2743, -1051.557739, -
2740, 2742, 2742, -1051.660034, -
2743, 2743, 2743, -1051.557739, -
2746, 2743, 2743, -1051.557739, -
2747, 2743, 2743, -1051.557739, -
2743, 2742, 2742, -1051.660034, -
2738, 2742, 2742, -1051.660034, -
2715, 2740, 2740, -1051.864990, -
2740, 2740, 2740, -1051.864990, -
2777, 2742, 2742, -1051.660034, -
2739, 2742, 2742, -1051.660034, -
2742, 2742, 2742, -1051.660034, -
2743, 2742, 2742, -1051.660034, -
2746, 2742, 2742, -1051.660034, -
2745, 2742, 2742, -1051.660034, -
2747, 2743, 2743, -1051.557739, -
2739, 2743, 2743, -1051.557739, -
2741, 2742, 2742, -1051.660034, -
2747, 2742, 2742, -1051.660034, -
2743, 2743, 2743, -1051.557739, -
2742, 2743, 2743, -1051.557739, -
2743, 2743, 2743, -1051.557739, -
2737, 2743, 2743, -1051.557739, -
2750, 2743, 2743, -1051.557739, -
2750, 2743, 2743, -1051.557739, -
2742, 2743, 2743, -1051.557739, -
2746, 2743, 2743, -1051.557739, -
2742, 2745, 2745, -1051.353394, -
2745, 2745, 2745, -1051.353394, -
2741, 2743, 2743, -1051.557739, -
2741, 2743, 2743, -1051.557739, -
2739, 2743, 2743, -1051.557739, -
2743, 2743, 2743, -1051.557739, -
2737, 2743, 2743, -1051.557739, -
2743, 2742, 2742, -1051.660034, -
2747, 2742, 2742, -1051.660034, -
2746, 2743, 2743, -1051.557739, -
2739, 2743, 2743, -1051.557739, -
2741, 2742, 2742, -1051.660034, -
2739, 2742, 2742, -1051.660034, -
2752, 2743, 2743, -1051.557739, -
2741, 2743, 2743, -1051.557739, -
2746, 2743, 2743, -1051.557739, -
2747, 2743, 2743, -1051.557739, -
2745, 2743, 2743, -1051.557739, -
2736, 2742, 2742, -1051.660034, -
2711, 2741, 2741, -1051.762451, -
2737, 2740, 2740, -1051.864990, -
2754, 2741, 2741, -1051.762451, -
2742, 2741, 2741, -1051.762451, -
2747, 2741, 2741, -1051.762451, -
2741, 2741, 2741, -1051.762451, -
2742, 2741, 2741, -1051.762451, -
2749, 2742, 2742, -1051.660034, -
2741, 2742, 2742, -1051.660034, -
2719, 2740, 2740, -1051.864990, -
2741, 2740, 2740, -1051.864990, -
2768, 2741, 2741, -1051.762451, -
2742, 2742, 2742, -1051.660034, -
2724, 2741, 2741, -1051.762451, -
2747, 2741, 2741, -1051.762451, -
2718, 2739, 2739, -1051.967529, -
2736, 2739, 2739, -1051.967529, -
2738, 2738, 2738, -1052.070312, -
2747, 2739, 2739, -1051.967529, -
2745, 2739, 2739, -1051.967529, -
2745, 2741, 2741, -1051.762451, -
2742, 2741, 2741, -1051.762451, -
2743, 2740, 2740, -1051.864990, -
2726, 2740, 2740, -1051.864990, -
2743, 2739, 2739, -1051.967529, -
2718, 2738, 2738, -1052.070312, -
2742, 2738, 2738, -1052.070312, -
2748, 2738, 2738, -1052.070312, -
2751, 2739, 2739, -1051.967529, -
2741, 2740, 2740, -1051.864990, -
2746, 2740, 2740, -1051.864990, -
2741, 2739, 2739, -1051.967529, -
2741, 2739, 2739, -1051.967529, -
2741, 2739, 2739, -1051.967529, -
2749, 2740, 2740, -1051.864990, -
2745, 2741, 2741, -1051.762451, -
2742, 2741, 2741, -1051.762451, -
2740, 2741, 2741, -1051.762451, -
2739, 2741, 2741, -1051.762451, -
2739, 2741, 2741, -1051.762451, -
2745, 2741, 2741, -1051.762451, -
2750, 2741, 2741, -1051.762451, -
2749, 2741, 2741, -1051.762451, -
2741, 2742, 2742, -1051.660034, -
2746, 2742, 2742, -1051.660034, -
2741, 2743, 2743, -1051.557739, -
2743, 2743, 2743, -1051.557739, -
2737, 2743, 2743, -1051.557739, -
2745, 2743, 2743, -1051.557739, -
2750, 2743, 2743, -1051.557739, -
2746, 2743, 2743, -1051.557739, -
2746, 2743, 2743, -1051.557739, -
2747, 2744, 2744, -1051.455566, -
2743, 2744, 2744, -1051.455566, -
2736, 2743, 2743, -1051.557739, -
2747, 2743, 2743, -1051.557739, -
2739, 2743, 2743, -1051.557739, -
2743, 2743, 2743, -1051.557739, -
2740, 2743, 2743, -1051.557739, -
2745, 2743, 2743, -1051.557739, -
2777, 2745, 2745, -1051.353394, -
2741, 2745, 2745, -1051.353394, -
2778, 2746, 2746, -1051.251343, -
2746, 2746, 2746, -1051.251343, -
2751, 2747, 2747, -1051.149414, -
2746, 2747, 2747, -1051.149414, -
2735, 2746, 2746, -1051.251343, -
2746, 2747, 2747, -1051.149414, -
2737, 2746, 2746, -1051.251343, -
2745, 2746, 2746, -1051.251343, -
2725, 2745, 2745, -1051.353394, -
2743, 2745, 2745, -1051.353394, -
2748, 2745, 2745, -1051.353394, -
2749, 2745, 2745, -1051.353394, -
2747, 2746, 2746, -1051.251343, -
2748, 2746, 2746, -1051.251343, -
2742, 2746, 2746, -1051.251343, -
2739, 2746, 2746, -1051.251343, -
2743, 2746, 2746, -1051.251343, -
2742, 2746, 2746, -1051.251343, -
2752, 2745, 2745, -1051.353394, -
2740, 2745, 2745, -1051.353394, -
2749, 2743, 2743, -1051.557739, -
2746, 2743, 2743, -1051.557739, -
2738, 2743, 2743, -1051.557739, -
2739, 2742, 2742, -1051.660034, -
2746, 2743, 2743, -1051.557739, -
2743, 2743, 2743, -1051.557739, -
2741, 2743, 2743, -1051.557739, -
2746, 2743, 2743, -1051.557739, -
2739, 2744, 2744, -1051.455566, -
2741, 2743, 2743, -1051.557739, -
2741, 2743, 2743, -1051.557739, -
2741, 2743, 2743, -1051.557739, -
2747, 2743, 2743, -1051.557739, -
2743, 2742, 2742, -1051.660034, -
2743, 2742, 2742, -1051.660034, -
2741, 2743, 2743, -1051.557739, -
2738, 2742, 2742, -1051.660034, -
2746, 2743, 2743, -1051.557739, -
2739, 2742, 2742, -1051.660034, -
2748, 2742, 2742, -1051.660034, -
2743, 2742, 2742, -1051.660034, -
2747, 2742, 2742, -1051.660034, -
2747, 2742, 2742, -1051.660034, -
2736, 2742, 2742, -1051.660034, -
2743, 2742, 2742, -1051.660034, -
2746, 2742, 2742, -1051.660034, -
2744, 2742, 2742, -1051.660034, -
2748, 2743, 2743, -1051.557739, -
2739, 2743, 2743, -1051.557739, -
2739, 2742, 2742, -1051.660034, -
2736, 2742, 2742, -1051.660034, -
2751, 2743, 2743, -1051.557739, -
2737, 2742, 2742, -1051.660034, -
2747, 2742, 2742, -1051.660034, -
2737, 2742, 2742, -1051.660034, -
2744, 2742, 2742, -1051.660034, -
2746, 2743, 2743, -1051.557739, -
2747, 2743, 2743, -1051.557739, -
2739, 2743, 2743, -1051.557739, -
2746, 2743, 2743, -1051.557739, -
2743, 2743, 2743, -1051.557739, -
2739, 2742, 2742, -1051.660034, -
2748, 2742, 2742, -1051.660034, -
2749, 2743, 2743, -1051.557739, -
2746, 2743, 2743, -1051.557739, -
2741, 2743, 2743, -1051.557739, -
2742, 2743, 2743, -1051.557739, -
2743, 2742, 2742, -1051.660034, -
2746, 2743, 2743, -1051.557739, -
2742, 2743, 2743, -1051.557739, -
2737, 2743, 2743, -1051.557739, -
2738, 2742, 2742, -1051.660034, -
2740, 2743, 2743, -1051.557739, -
2737, 2742, 2742, -1051.660034, -
2743, 2742, 2742, -1051.660034, -
2745, 2742, 2742, -1051.660034, -
2748, 2742, 2742, -1051.660034, -
2741, 2742, 2742, -1051.660034, -
2741, 2742, 2742, -1051.660034, -
2742, 2742, 2742, -1051.660034, -
2744, 2742, 2742, -1051.660034, -
2738, 2742, 2742, -1051.660034, -
2747, 2742, 2742, -1051.660034, -
2748, 2742, 2742, -1051.660034, -
2742, 2742, 2742, -1051.660034, -
2739, 2742, 2742, -1051.660034, -
2748, 2742, 2742, -1051.660034, -
2739, 2742, 2742, -1051.660034, -
2741, 2742, 2742, -1051.660034, -
2743, 2742, 2742, -1051.660034, -
2739, 2742, 2742, -1051.660034, -
2743, 2742, 2742, -1051.660034, -
2749, 2742, 2742, -1051.660034, -
2739, 2742, 2742, -1051.660034, -
2739, 2742, 2742, -1051.660034, -
2746, 2742, 2742, -1051.660034, -
2741, 2742, 2742, -1051.660034, -
2742, 2742, 2742, -1051.660034, -
2742, 2742, 2742, -1051.660034, -
2742, 2742, 2742, -1051.660034, -
2747, 2742, 2742, -1051.660034, -
2741, 2742, 2742, -1051.660034, -
2741, 2742, 2742, -1051.660034, -
2739, 2742, 2742, -1051.660034, -
2745, 2742, 2742, -1051.660034, -
2739, 2742, 2742, -1051.660034, -
2746, 2742, 2742, -1051.660034, -
2743, 2742, 2742, -1051.660034, -
2741, 2742, 2742, -1051.660034, -
2741, 2742, 2742, -1051.660034, -
2746, 2742, 2742, -1051.660034, -
2742, 2742, 2742, -1051.660034, -
2743, 2742, 2742, -1051.660034, -
2745, 2742, 2742, -1051.660034, -
2742, 2742, 2742, -1051.660034, -
2743, 2742, 2742, -1051.660034, -
2746, 2742, 2742, -1051.660034, -
2742, 2742, 2742, -1051.660034, -
2745, 2742, 2742, -1051.660034, -
2746, 2743, 2743, -1051.557739, -
2741, 2742, 2742, -1051.660034, -
2740, 2742, 2742, -1051.660034, -
2747, 2743, 2743, -1051.557739, -
2741, 2743, 2743, -1051.557739, -
2749, 2743, 2743, -1051.557739, -
2741, 2743, 2743, -1051.557739, -
2741, 2743, 2743, -1051.557739, -
2747, 2743, 2743, -1051.557739, -
2738, 2743, 2743, -1051.557739, -
2747, 2743, 2743, -1051.557739, -
2747, 2743, 2743, -1051.557739, -
2739, 2743, 2743, -1051.557739, -
2750, 2743, 2743, -1051.557739, -
2749, 2744, 2744, -1051.455566, -
2743, 2744, 2744, -1051.455566, -
2748, 2744, 2744, -1051.455566, -
2742, 2744, 2744, -1051.455566, -
2741, 2744, 2744, -1051.455566, -
2742, 2743, 2743, -1051.557739, -
2738, 2743, 2743, -1051.557739, -
2747, 2743, 2743, -1051.557739, -
2742, 2743, 2743, -1051.557739, -
2749, 2744, 2744, -1051.455566, -
2747, 2744, 2744, -1051.455566, -
2742, 2744, 2744, -1051.455566, -
2741, 2744, 2744, -1051.455566, -
2748, 2744, 2744, -1051.455566, -
2747, 2744, 2744, -1051.455566, -
2747, 2744, 2744, -1051.455566, -
2739, 2744, 2744, -1051.455566, -
2750, 2744, 2744, -1051.455566, -
2745, 2744, 2744, -1051.455566, -
2743, 2744, 2744, -1051.455566, -
2742, 2744, 2744, -1051.455566, -
2745, 2744, 2744, -1051.455566, -
2743, 2744, 2744, -1051.455566, -
2737, 2743, 2743, -1051.557739, -
2751, 2744, 2744, -1051.455566, -
2745, 2744, 2744, -1051.455566, -
2739, 2744, 2744, -1051.455566, -
2743, 2744, 2744, -1051.455566, -
2746, 2744, 2744, -1051.455566, -
2745, 2744, 2744, -1051.455566, -
2742, 2744, 2744, -1051.455566, -
2741, 2743, 2743, -1051.557739, -
2742, 2744, 2744, -1051.455566, -
2742, 2743, 2743, -1051.557739, -
2741, 2743, 2743, -1051.557739, -
2747, 2743, 2743, -1051.557739, -
2749, 2743, 2743, -1051.557739, -
2741, 2743, 2743, -1051.557739, -
2742, 2743, 2743, -1051.557739, -
2743, 2743, 2743, -1051.557739, -
2741, 2743, 2743, -1051.557739, -
2743, 2743, 2743, -1051.557739, -
2745, 2743, 2743, -1051.557739, -
2743, 2743, 2743, -1051.557739, -
